PS C:\Users\Kouhe\OneDrive\test> cd C:\Users\Kouhe\OneDrive\kadai_github
PS C:\Users\Kouhe\OneDrive\kadai_github> mkdir git_challenge


    ディレクトリ: C:\Users\Kouhe\OneDrive\kadai_github


Mode                 LastWriteTime         Length Name
----                 -------------         ------ ----
d-----        2024/06/02      2:18                git_challenge


PS C:\Users\Kouhe\OneDrive\kadai_github> cd git_challenge
PS C:\Users\Kouhe\OneDrive\kadai_github\git_challenge> git init
Initialized empty Git repository in C:/Users/Kouhe/OneDrive/kadai_github/git_challenge/.git/
PS C:\Users\Kouhe\OneDrive\kadai_github\git_challenge> git add hello_world.txt
PS C:\Users\Kouhe\OneDrive\kadai_github\git_challenge> git commit -m "Hello, world!"
[main (root-commit) 4fcc4eb] Hello, world!
 1 file changed, 1 insertion(+)
 create mode 100644 hello_world.txt
PS C:\Users\Kouhe\OneDrive\kadai_github\git_challenge> git diff C:\Users\Kouhe\OneDrive\kadai_github\git_challenge
PS C:\Users\Kouhe\OneDrive\kadai_github\git_challenge> git add git_challenge
fatal: pathspec 'git_challenge' did not match any files
PS C:\Users\Kouhe\OneDrive\kadai_github\git_challenge> git add hello_world.txt
PS C:\Users\Kouhe\OneDrive\kadai_github\git_challenge> git commit -m "こんにちは、世界！"
[main 88f30e2] 縺薙ｓ縺ｫ縺｡縺ｯ縲∽ｸ也阜・
 1 file changed, 2 insertions(+), 1 deletion(-)
PS C:\Users\Kouhe\OneDrive\kadai_github\git_challenge> git log 
commit 88f30e2b3da951f6fe56c2ea4740aa26f26ffc4a (HEAD -> main)
Author: muuta0505 <kouhei9582@icloud.com>
Date:   Sun Jun 2 02:33:19 2024 +0900

    こんにちは、世界！

commit 4fcc4eb9c0cecf53677c262c1bbc4785060b53e2
Author: muuta0505 <kouhei9582@icloud.com>
Date:   Sun Jun 2 02:27:01 2024 +0900

    Hello, world!